[2025-12-05T00:59:34.368Z] ========================================
[2025-12-05T00:59:34.371Z] Render Keep-Alive 스크립트 시작
[2025-12-05T00:59:34.371Z] 백엔드 URL: https://aop-backend.onrender.com
[2025-12-05T00:59:34.371Z] Health Endpoint: /api/auth/health
[2025-12-05T00:59:34.371Z] Ping 간격: 14분
[2025-12-05T00:59:34.371Z] ========================================
[2025-12-05T00:59:34.661Z] ✓ Health check 성공: 200
[2025-12-05T00:59:34.666Z] 스크립트가 실행 중입니다. 종료하려면 Ctrl+C를 누르세요.
[2025-12-05T01:05:09.742Z] ========================================
[2025-12-05T01:05:09.747Z] Render Keep-Alive 스크립트 시작
[2025-12-05T01:05:09.748Z] 백엔드 URL: https://aop-backend.onrender.com
[2025-12-05T01:05:09.748Z] Health Endpoint: /api/auth/health
[2025-12-05T01:05:09.749Z] Ping 간격: 14분
[2025-12-05T01:05:09.749Z] ========================================
[2025-12-05T01:05:10.045Z] ✓ Health check 성공: 200
[2025-12-05T01:05:10.052Z] 스크립트가 실행 중입니다. 종료하려면 Ctrl+C를 누르세요.
[2025-12-05T01:08:50.113Z] ========================================
[2025-12-05T01:08:50.118Z] Render Keep-Alive 스크립트 시작
[2025-12-05T01:08:50.118Z] 백엔드 URL: https://aop-backend.onrender.com
[2025-12-05T01:08:50.119Z] Health Endpoint: /api/auth/health
[2025-12-05T01:08:50.119Z] Ping 간격: 14분
[2025-12-05T01:08:50.120Z] ========================================
[2025-12-05T01:08:50.568Z] ✓ Health check 성공: 200
[2025-12-05T01:08:50.571Z] 스크립트가 실행 중입니다. 종료하려면 Ctrl+C를 누르세요.
[2025-12-05T01:10:03.179Z] ========================================
[2025-12-05T01:10:03.184Z] Render Keep-Alive 스크립트 시작
[2025-12-05T01:10:03.185Z] 백엔드 URL: https://aop-backend.onrender.com
[2025-12-05T01:10:03.185Z] Health Endpoint: /api/auth/health
[2025-12-05T01:10:03.186Z] Ping 간격: 14분
[2025-12-05T01:10:03.186Z] ========================================
[2025-12-05T01:10:03.453Z] ✓ Health check 성공: 200
[2025-12-05T01:10:03.458Z] 스크립트가 실행 중입니다. 종료하려면 Ctrl+C를 누르세요.
[2025-12-05T01:12:16.593Z] ========================================
[2025-12-05T01:12:16.598Z] Render Keep-Alive 스크립트 시작
[2025-12-05T01:12:16.599Z] 백엔드 URL: https://aop-backend.onrender.com
[2025-12-05T01:12:16.599Z] Health Endpoint: /api/auth/health
[2025-12-05T01:12:16.600Z] Ping 간격: 14분
[2025-12-05T01:12:16.600Z] ========================================
[2025-12-05T01:12:16.874Z] ✓ Health check 성공: 200
[2025-12-05T01:12:16.879Z] 스크립트가 실행 중입니다. 종료하려면 Ctrl+C를 누르세요.
[2025-12-05T01:14:10.516Z] ========================================
[2025-12-05T01:14:10.520Z] Render Keep-Alive 스크립트 시작
[2025-12-05T01:14:10.521Z] 백엔드 URL: https://aop-backend.onrender.com
[2025-12-05T01:14:10.521Z] Health Endpoint: /api/auth/health
[2025-12-05T01:14:10.522Z] Ping 간격: 14분
[2025-12-05T01:14:10.522Z] ========================================
[2025-12-05T01:14:10.968Z] ✓ Health check 성공: 200
[2025-12-05T01:14:10.975Z] 스크립트가 실행 중입니다. 종료하려면 Ctrl+C를 누르세요.
[2025-12-05T01:17:54.584Z] ========================================
[2025-12-05T01:17:54.589Z] Render Keep-Alive 스크립트 시작
[2025-12-05T01:17:54.589Z] 백엔드 URL: https://aop-backend.onrender.com
[2025-12-05T01:17:54.589Z] Health Endpoint: /api/auth/health
[2025-12-05T01:17:54.590Z] Ping 간격: 14분
[2025-12-05T01:17:54.590Z] ========================================
[2025-12-05T01:17:55.050Z] ✓ Health check 성공: 200
[2025-12-05T01:17:55.057Z] 스크립트가 실행 중입니다. 종료하려면 Ctrl+C를 누르세요.
